-- load
<body>
  <main>
    <button id="remove">"remove"</button>
    <button id="inner">"inner"</button>
    <button id="ends">"ends"</button>
    <button id="insert">"insert"</button>
    <button id="replace">"replace"</button>
    <button id="edit">"edit"</button>
    <button id="copylast">"copy last"</button>
    <button id="copyfirst">"copy first"</button>
    <button id="dedupe">"dedupe"</button>
    <button id="flip">"flip"</button>
    <button id="twins">"twins"</button>
    <ul id="at">
      <li>
        <input .value="">
        "a"
        " at "
        "0"
        <!---->
      </li>
      <li>
        <input .value="">
        "b"
        " at "
        "1"
        <!---->
      </li>
      <li>
        <input .value="">
        "c"
        " at "
        "2"
        <!---->
      </li>
      <li>
        <input .value="">
        "d"
        " at "
        "3"
        <!---->
      </li>
      <li>
        <input .value="">
        "e"
        " at "
        "4"
        <!---->
      </li>
      <li>
        <input .value="">
        "f"
        " at "
        "5"
        <!---->
      </li>
    </ul>
    <ul id="drawn">
      <li>
        <input .value="">
        "a"
      </li>
      <li>
        <input .value="">
        "b"
      </li>
      <li>
        <input .value="">
        "c"
      </li>
      <li>
        <input .value="">
        "d"
      </li>
      <li>
        <input .value="">
        "e"
      </li>
      <li>
        <input .value="">
        "f"
      </li>
    </ul>
    <ol id="framed">
      <li>"first"</li>
      <li>
        <input .value="">
        "a"
      </li>
      <li>
        <input .value="">
        "b"
      </li>
      <li>
        <input .value="">
        "c"
      </li>
      <li>
        <input .value="">
        "d"
      </li>
      <li>
        <input .value="">
        "e"
      </li>
      <li>
        <input .value="">
        "f"
      </li>
      <li>"last"</li>
    </ol>
  </main>
</body>
-- input #at>li:nth-child(1)>input "1"
<body>
  <main>
    <button id="remove">"remove"</button>
    <button id="inner">"inner"</button>
    <button id="ends">"ends"</button>
    <button id="insert">"insert"</button>
    <button id="replace">"replace"</button>
    <button id="edit">"edit"</button>
    <button id="copylast">"copy last"</button>
    <button id="copyfirst">"copy first"</button>
    <button id="dedupe">"dedupe"</button>
    <button id="flip">"flip"</button>
    <button id="twins">"twins"</button>
    <ul id="at">
      <li>
        <input .value="1">
        "a"
        " at "
        "0"
        <!---->
      </li>
      <li>
        <input .value="">
        "b"
        " at "
        "1"
        <!---->
      </li>
      <li>
        <input .value="">
        "c"
        " at "
        "2"
        <!---->
      </li>
      <li>
        <input .value="">
        "d"
        " at "
        "3"
        <!---->
      </li>
      <li>
        <input .value="">
        "e"
        " at "
        "4"
        <!---->
      </li>
      <li>
        <input .value="">
        "f"
        " at "
        "5"
        <!---->
      </li>
    </ul>
    <ul id="drawn">
      <li>
        <input .value="">
        "a"
      </li>
      <li>
        <input .value="">
        "b"
      </li>
      <li>
        <input .value="">
        "c"
      </li>
      <li>
        <input .value="">
        "d"
      </li>
      <li>
        <input .value="">
        "e"
      </li>
      <li>
        <input .value="">
        "f"
      </li>
    </ul>
    <ol id="framed">
      <li>"first"</li>
      <li>
        <input .value="">
        "a"
      </li>
      <li>
        <input .value="">
        "b"
      </li>
      <li>
        <input .value="">
        "c"
      </li>
      <li>
        <input .value="">
        "d"
      </li>
      <li>
        <input .value="">
        "e"
      </li>
      <li>
        <input .value="">
        "f"
      </li>
      <li>"last"</li>
    </ol>
  </main>
</body>
-- input #at>li:nth-child(2)>input "2"
<body>
  <main>
    <button id="remove">"remove"</button>
    <button id="inner">"inner"</button>
    <button id="ends">"ends"</button>
    <button id="insert">"insert"</button>
    <button id="replace">"replace"</button>
    <button id="edit">"edit"</button>
    <button id="copylast">"copy last"</button>
    <button id="copyfirst">"copy first"</button>
    <button id="dedupe">"dedupe"</button>
    <button id="flip">"flip"</button>
    <button id="twins">"twins"</button>
    <ul id="at">
      <li>
        <input .value="1">
        "a"
        " at "
        "0"
        <!---->
      </li>
      <li>
        <input .value="2">
        "b"
        " at "
        "1"
        <!---->
      </li>
      <li>
        <input .value="">
        "c"
        " at "
        "2"
        <!---->
      </li>
      <li>
        <input .value="">
        "d"
        " at "
        "3"
        <!---->
      </li>
      <li>
        <input .value="">
        "e"
        " at "
        "4"
        <!---->
      </li>
      <li>
        <input .value="">
        "f"
        " at "
        "5"
        <!---->
      </li>
    </ul>
    <ul id="drawn">
      <li>
        <input .value="">
        "a"
      </li>
      <li>
        <input .value="">
        "b"
      </li>
      <li>
        <input .value="">
        "c"
      </li>
      <li>
        <input .value="">
        "d"
      </li>
      <li>
        <input .value="">
        "e"
      </li>
      <li>
        <input .value="">
        "f"
      </li>
    </ul>
    <ol id="framed">
      <li>"first"</li>
      <li>
        <input .value="">
        "a"
      </li>
      <li>
        <input .value="">
        "b"
      </li>
      <li>
        <input .value="">
        "c"
      </li>
      <li>
        <input .value="">
        "d"
      </li>
      <li>
        <input .value="">
        "e"
      </li>
      <li>
        <input .value="">
        "f"
      </li>
      <li>"last"</li>
    </ol>
  </main>
</body>
-- input #at>li:nth-child(3)>input "3"
<body>
  <main>
    <button id="remove">"remove"</button>
    <button id="inner">"inner"</button>
    <button id="ends">"ends"</button>
    <button id="insert">"insert"</button>
    <button id="replace">"replace"</button>
    <button id="edit">"edit"</button>
    <button id="copylast">"copy last"</button>
    <button id="copyfirst">"copy first"</button>
    <button id="dedupe">"dedupe"</button>
    <button id="flip">"flip"</button>
    <button id="twins">"twins"</button>
    <ul id="at">
      <li>
        <input .value="1">
        "a"
        " at "
        "0"
        <!---->
      </li>
      <li>
        <input .value="2">
        "b"
        " at "
        "1"
        <!---->
      </li>
      <li>
        <input .value="3">
        "c"
        " at "
        "2"
        <!---->
      </li>
      <li>
        <input .value="">
        "d"
        " at "
        "3"
        <!---->
      </li>
      <li>
        <input .value="">
        "e"
        " at "
        "4"
        <!---->
      </li>
      <li>
        <input .value="">
        "f"
        " at "
        "5"
        <!---->
      </li>
    </ul>
    <ul id="drawn">
      <li>
        <input .value="">
        "a"
      </li>
      <li>
        <input .value="">
        "b"
      </li>
      <li>
        <input .value="">
        "c"
      </li>
      <li>
        <input .value="">
        "d"
      </li>
      <li>
        <input .value="">
        "e"
      </li>
      <li>
        <input .value="">
        "f"
      </li>
    </ul>
    <ol id="framed">
      <li>"first"</li>
      <li>
        <input .value="">
        "a"
      </li>
      <li>
        <input .value="">
        "b"
      </li>
      <li>
        <input .value="">
        "c"
      </li>
      <li>
        <input .value="">
        "d"
      </li>
      <li>
        <input .value="">
        "e"
      </li>
      <li>
        <input .value="">
        "f"
      </li>
      <li>"last"</li>
    </ol>
  </main>
</body>
-- input #at>li:nth-child(4)>input "4"
<body>
  <main>
    <button id="remove">"remove"</button>
    <button id="inner">"inner"</button>
    <button id="ends">"ends"</button>
    <button id="insert">"insert"</button>
    <button id="replace">"replace"</button>
    <button id="edit">"edit"</button>
    <button id="copylast">"copy last"</button>
    <button id="copyfirst">"copy first"</button>
    <button id="dedupe">"dedupe"</button>
    <button id="flip">"flip"</button>
    <button id="twins">"twins"</button>
    <ul id="at">
      <li>
        <input .value="1">
        "a"
        " at "
        "0"
        <!---->
      </li>
      <li>
        <input .value="2">
        "b"
        " at "
        "1"
        <!---->
      </li>
      <li>
        <input .value="3">
        "c"
        " at "
        "2"
        <!---->
      </li>
      <li>
        <input .value="4">
        "d"
        " at "
        "3"
        <!---->
      </li>
      <li>
        <input .value="">
        "e"
        " at "
        "4"
        <!---->
      </li>
      <li>
        <input .value="">
        "f"
        " at "
        "5"
        <!---->
      </li>
    </ul>
    <ul id="drawn">
      <li>
        <input .value="">
        "a"
      </li>
      <li>
        <input .value="">
        "b"
      </li>
      <li>
        <input .value="">
        "c"
      </li>
      <li>
        <input .value="">
        "d"
      </li>
      <li>
        <input .value="">
        "e"
      </li>
      <li>
        <input .value="">
        "f"
      </li>
    </ul>
    <ol id="framed">
      <li>"first"</li>
      <li>
        <input .value="">
        "a"
      </li>
      <li>
        <input .value="">
        "b"
      </li>
      <li>
        <input .value="">
        "c"
      </li>
      <li>
        <input .value="">
        "d"
      </li>
      <li>
        <input .value="">
        "e"
      </li>
      <li>
        <input .value="">
        "f"
      </li>
      <li>"last"</li>
    </ol>
  </main>
</body>
-- input #at>li:nth-child(5)>input "5"
<body>
  <main>
    <button id="remove">"remove"</button>
    <button id="inner">"inner"</button>
    <button id="ends">"ends"</button>
    <button id="insert">"insert"</button>
    <button id="replace">"replace"</button>
    <button id="edit">"edit"</button>
    <button id="copylast">"copy last"</button>
    <button id="copyfirst">"copy first"</button>
    <button id="dedupe">"dedupe"</button>
    <button id="flip">"flip"</button>
    <button id="twins">"twins"</button>
    <ul id="at">
      <li>
        <input .value="1">
        "a"
        " at "
        "0"
        <!---->
      </li>
      <li>
        <input .value="2">
        "b"
        " at "
        "1"
        <!---->
      </li>
      <li>
        <input .value="3">
        "c"
        " at "
        "2"
        <!---->
      </li>
      <li>
        <input .value="4">
        "d"
        " at "
        "3"
        <!---->
      </li>
      <li>
        <input .value="5">
        "e"
        " at "
        "4"
        <!---->
      </li>
      <li>
        <input .value="">
        "f"
        " at "
        "5"
        <!---->
      </li>
    </ul>
    <ul id="drawn">
      <li>
        <input .value="">
        "a"
      </li>
      <li>
        <input .value="">
        "b"
      </li>
      <li>
        <input .value="">
        "c"
      </li>
      <li>
        <input .value="">
        "d"
      </li>
      <li>
        <input .value="">
        "e"
      </li>
      <li>
        <input .value="">
        "f"
      </li>
    </ul>
    <ol id="framed">
      <li>"first"</li>
      <li>
        <input .value="">
        "a"
      </li>
      <li>
        <input .value="">
        "b"
      </li>
      <li>
        <input .value="">
        "c"
      </li>
      <li>
        <input .value="">
        "d"
      </li>
      <li>
        <input .value="">
        "e"
      </li>
      <li>
        <input .value="">
        "f"
      </li>
      <li>"last"</li>
    </ol>
  </main>
</body>
-- input #at>li:nth-child(6)>input "6"
<body>
  <main>
    <button id="remove">"remove"</button>
    <button id="inner">"inner"</button>
    <button id="ends">"ends"</button>
    <button id="insert">"insert"</button>
    <button id="replace">"replace"</button>
    <button id="edit">"edit"</button>
    <button id="copylast">"copy last"</button>
    <button id="copyfirst">"copy first"</button>
    <button id="dedupe">"dedupe"</button>
    <button id="flip">"flip"</button>
    <button id="twins">"twins"</button>
    <ul id="at">
      <li>
        <input .value="1">
        "a"
        " at "
        "0"
        <!---->
      </li>
      <li>
        <input .value="2">
        "b"
        " at "
        "1"
        <!---->
      </li>
      <li>
        <input .value="3">
        "c"
        " at "
        "2"
        <!---->
      </li>
      <li>
        <input .value="4">
        "d"
        " at "
        "3"
        <!---->
      </li>
      <li>
        <input .value="5">
        "e"
        " at "
        "4"
        <!---->
      </li>
      <li>
        <input .value="6">
        "f"
        " at "
        "5"
        <!---->
      </li>
    </ul>
    <ul id="drawn">
      <li>
        <input .value="">
        "a"
      </li>
      <li>
        <input .value="">
        "b"
      </li>
      <li>
        <input .value="">
        "c"
      </li>
      <li>
        <input .value="">
        "d"
      </li>
      <li>
        <input .value="">
        "e"
      </li>
      <li>
        <input .value="">
        "f"
      </li>
    </ul>
    <ol id="framed">
      <li>"first"</li>
      <li>
        <input .value="">
        "a"
      </li>
      <li>
        <input .value="">
        "b"
      </li>
      <li>
        <input .value="">
        "c"
      </li>
      <li>
        <input .value="">
        "d"
      </li>
      <li>
        <input .value="">
        "e"
      </li>
      <li>
        <input .value="">
        "f"
      </li>
      <li>"last"</li>
    </ol>
  </main>
</body>
-- input #drawn>li:nth-child(2)>input "2"
<body>
  <main>
    <button id="remove">"remove"</button>
    <button id="inner">"inner"</button>
    <button id="ends">"ends"</button>
    <button id="insert">"insert"</button>
    <button id="replace">"replace"</button>
    <button id="edit">"edit"</button>
    <button id="copylast">"copy last"</button>
    <button id="copyfirst">"copy first"</button>
    <button id="dedupe">"dedupe"</button>
    <button id="flip">"flip"</button>
    <button id="twins">"twins"</button>
    <ul id="at">
      <li>
        <input .value="1">
        "a"
        " at "
        "0"
        <!---->
      </li>
      <li>
        <input .value="2">
        "b"
        " at "
        "1"
        <!---->
      </li>
      <li>
        <input .value="3">
        "c"
        " at "
        "2"
        <!---->
      </li>
      <li>
        <input .value="4">
        "d"
        " at "
        "3"
        <!---->
      </li>
      <li>
        <input .value="5">
        "e"
        " at "
        "4"
        <!---->
      </li>
      <li>
        <input .value="6">
        "f"
        " at "
        "5"
        <!---->
      </li>
    </ul>
    <ul id="drawn">
      <li>
        <input .value="">
        "a"
      </li>
      <li>
        <input .value="2">
        "b"
      </li>
      <li>
        <input .value="">
        "c"
      </li>
      <li>
        <input .value="">
        "d"
      </li>
      <li>
        <input .value="">
        "e"
      </li>
      <li>
        <input .value="">
        "f"
      </li>
    </ul>
    <ol id="framed">
      <li>"first"</li>
      <li>
        <input .value="">
        "a"
      </li>
      <li>
        <input .value="">
        "b"
      </li>
      <li>
        <input .value="">
        "c"
      </li>
      <li>
        <input .value="">
        "d"
      </li>
      <li>
        <input .value="">
        "e"
      </li>
      <li>
        <input .value="">
        "f"
      </li>
      <li>"last"</li>
    </ol>
  </main>
</body>
-- input #drawn>li:nth-child(6)>input "6"
<body>
  <main>
    <button id="remove">"remove"</button>
    <button id="inner">"inner"</button>
    <button id="ends">"ends"</button>
    <button id="insert">"insert"</button>
    <button id="replace">"replace"</button>
    <button id="edit">"edit"</button>
    <button id="copylast">"copy last"</button>
    <button id="copyfirst">"copy first"</button>
    <button id="dedupe">"dedupe"</button>
    <button id="flip">"flip"</button>
    <button id="twins">"twins"</button>
    <ul id="at">
      <li>
        <input .value="1">
        "a"
        " at "
        "0"
        <!---->
      </li>
      <li>
        <input .value="2">
        "b"
        " at "
        "1"
        <!---->
      </li>
      <li>
        <input .value="3">
        "c"
        " at "
        "2"
        <!---->
      </li>
      <li>
        <input .value="4">
        "d"
        " at "
        "3"
        <!---->
      </li>
      <li>
        <input .value="5">
        "e"
        " at "
        "4"
        <!---->
      </li>
      <li>
        <input .value="6">
        "f"
        " at "
        "5"
        <!---->
      </li>
    </ul>
    <ul id="drawn">
      <li>
        <input .value="">
        "a"
      </li>
      <li>
        <input .value="2">
        "b"
      </li>
      <li>
        <input .value="">
        "c"
      </li>
      <li>
        <input .value="">
        "d"
      </li>
      <li>
        <input .value="">
        "e"
      </li>
      <li>
        <input .value="6">
        "f"
      </li>
    </ul>
    <ol id="framed">
      <li>"first"</li>
      <li>
        <input .value="">
        "a"
      </li>
      <li>
        <input .value="">
        "b"
      </li>
      <li>
        <input .value="">
        "c"
      </li>
      <li>
        <input .value="">
        "d"
      </li>
      <li>
        <input .value="">
        "e"
      </li>
      <li>
        <input .value="">
        "f"
      </li>
      <li>"last"</li>
    </ol>
  </main>
</body>
-- input #framed>li:nth-child(3)>input "2"
<body>
  <main>
    <button id="remove">"remove"</button>
    <button id="inner">"inner"</button>
    <button id="ends">"ends"</button>
    <button id="insert">"insert"</button>
    <button id="replace">"replace"</button>
    <button id="edit">"edit"</button>
    <button id="copylast">"copy last"</button>
    <button id="copyfirst">"copy first"</button>
    <button id="dedupe">"dedupe"</button>
    <button id="flip">"flip"</button>
    <button id="twins">"twins"</button>
    <ul id="at">
      <li>
        <input .value="1">
        "a"
        " at "
        "0"
        <!---->
      </li>
      <li>
        <input .value="2">
        "b"
        " at "
        "1"
        <!---->
      </li>
      <li>
        <input .value="3">
        "c"
        " at "
        "2"
        <!---->
      </li>
      <li>
        <input .value="4">
        "d"
        " at "
        "3"
        <!---->
      </li>
      <li>
        <input .value="5">
        "e"
        " at "
        "4"
        <!---->
      </li>
      <li>
        <input .value="6">
        "f"
        " at "
        "5"
        <!---->
      </li>
    </ul>
    <ul id="drawn">
      <li>
        <input .value="">
        "a"
      </li>
      <li>
        <input .value="2">
        "b"
      </li>
      <li>
        <input .value="">
        "c"
      </li>
      <li>
        <input .value="">
        "d"
      </li>
      <li>
        <input .value="">
        "e"
      </li>
      <li>
        <input .value="6">
        "f"
      </li>
    </ul>
    <ol id="framed">
      <li>"first"</li>
      <li>
        <input .value="">
        "a"
      </li>
      <li>
        <input .value="2">
        "b"
      </li>
      <li>
        <input .value="">
        "c"
      </li>
      <li>
        <input .value="">
        "d"
      </li>
      <li>
        <input .value="">
        "e"
      </li>
      <li>
        <input .value="">
        "f"
      </li>
      <li>"last"</li>
    </ol>
  </main>
</body>
-- input #framed>li:nth-child(6)>input "5"
<body>
  <main>
    <button id="remove">"remove"</button>
    <button id="inner">"inner"</button>
    <button id="ends">"ends"</button>
    <button id="insert">"insert"</button>
    <button id="replace">"replace"</button>
    <button id="edit">"edit"</button>
    <button id="copylast">"copy last"</button>
    <button id="copyfirst">"copy first"</button>
    <button id="dedupe">"dedupe"</button>
    <button id="flip">"flip"</button>
    <button id="twins">"twins"</button>
    <ul id="at">
      <li>
        <input .value="1">
        "a"
        " at "
        "0"
        <!---->
      </li>
      <li>
        <input .value="2">
        "b"
        " at "
        "1"
        <!---->
      </li>
      <li>
        <input .value="3">
        "c"
        " at "
        "2"
        <!---->
      </li>
      <li>
        <input .value="4">
        "d"
        " at "
        "3"
        <!---->
      </li>
      <li>
        <input .value="5">
        "e"
        " at "
        "4"
        <!---->
      </li>
      <li>
        <input .value="6">
        "f"
        " at "
        "5"
        <!---->
      </li>
    </ul>
    <ul id="drawn">
      <li>
        <input .value="">
        "a"
      </li>
      <li>
        <input .value="2">
        "b"
      </li>
      <li>
        <input .value="">
        "c"
      </li>
      <li>
        <input .value="">
        "d"
      </li>
      <li>
        <input .value="">
        "e"
      </li>
      <li>
        <input .value="6">
        "f"
      </li>
    </ul>
    <ol id="framed">
      <li>"first"</li>
      <li>
        <input .value="">
        "a"
      </li>
      <li>
        <input .value="2">
        "b"
      </li>
      <li>
        <input .value="">
        "c"
      </li>
      <li>
        <input .value="">
        "d"
      </li>
      <li>
        <input .value="5">
        "e"
      </li>
      <li>
        <input .value="">
        "f"
      </li>
      <li>"last"</li>
    </ol>
  </main>
</body>
-- click #remove
<body>
  <main>
    <button id="remove">"remove"</button>
    <button id="inner">"inner"</button>
    <button id="ends">"ends"</button>
    <button id="insert">"insert"</button>
    <button id="replace">"replace"</button>
    <button id="edit">"edit"</button>
    <button id="copylast">"copy last"</button>
    <button id="copyfirst">"copy first"</button>
    <button id="dedupe">"dedupe"</button>
    <button id="flip">"flip"</button>
    <button id="twins">"twins"</button>
    <ul id="at">
      <li>
        <input .value="1">
        "a"
        " at "
        "0"
        <!---->
      </li>
      <li>
        <input .value="2">
        "b"
        " at "
        "1"
        <!---->
      </li>
      <li>
        <input .value="4">
        "d"
        " at "
        "2"
        <!---->
      </li>
      <li>
        <input .value="5">
        "e"
        " at "
        "3"
        <!---->
      </li>
      <li>
        <input .value="6">
        "f"
        " at "
        "4"
        <!---->
      </li>
    </ul>
    <ul id="drawn">
      <li>
        <input .value="">
        "a"
      </li>
      <li>
        <input .value="2">
        "b"
      </li>
      <li>
        <input .value="">
        "d"
      </li>
      <li>
        <input .value="">
        "e"
      </li>
      <li>
        <input .value="6">
        "f"
      </li>
    </ul>
    <ol id="framed">
      <li>"first"</li>
      <li>
        <input .value="">
        "a"
      </li>
      <li>
        <input .value="2">
        "b"
      </li>
      <li>
        <input .value="">
        "d"
      </li>
      <li>
        <input .value="5">
        "e"
      </li>
      <li>
        <input .value="">
        "f"
      </li>
      <li>"last"</li>
    </ol>
  </main>
</body>
-- click #inner
<body>
  <main>
    <button id="remove">"remove"</button>
    <button id="inner">"inner"</button>
    <button id="ends">"ends"</button>
    <button id="insert">"insert"</button>
    <button id="replace">"replace"</button>
    <button id="edit">"edit"</button>
    <button id="copylast">"copy last"</button>
    <button id="copyfirst">"copy first"</button>
    <button id="dedupe">"dedupe"</button>
    <button id="flip">"flip"</button>
    <button id="twins">"twins"</button>
    <ul id="at">
      <li>
        <input .value="1">
        "a"
        " at "
        "0"
        <!---->
      </li>
      <li>
        <input .value="5">
        "e"
        " at "
        "1"
        <!---->
      </li>
      <li>
        <input .value="4">
        "d"
        " at "
        "2"
        <!---->
      </li>
      <li>
        <input .value="2">
        "b"
        " at "
        "3"
        <!---->
      </li>
      <li>
        <input .value="6">
        "f"
        " at "
        "4"
        <!---->
      </li>
    </ul>
    <ul id="drawn">
      <li>
        <input .value="">
        "a"
      </li>
      <li>
        <input .value="">
        "e"
      </li>
      <li>
        <input .value="">
        "d"
      </li>
      <li>
        <input .value="2">
        "b"
      </li>
      <li>
        <input .value="6">
        "f"
      </li>
    </ul>
    <ol id="framed">
      <li>"first"</li>
      <li>
        <input .value="">
        "a"
      </li>
      <li>
        <input .value="5">
        "e"
      </li>
      <li>
        <input .value="">
        "d"
      </li>
      <li>
        <input .value="2">
        "b"
      </li>
      <li>
        <input .value="">
        "f"
      </li>
      <li>"last"</li>
    </ol>
  </main>
</body>
-- click #ends
<body>
  <main>
    <button id="remove">"remove"</button>
    <button id="inner">"inner"</button>
    <button id="ends">"ends"</button>
    <button id="insert">"insert"</button>
    <button id="replace">"replace"</button>
    <button id="edit">"edit"</button>
    <button id="copylast">"copy last"</button>
    <button id="copyfirst">"copy first"</button>
    <button id="dedupe">"dedupe"</button>
    <button id="flip">"flip"</button>
    <button id="twins">"twins"</button>
    <ul id="at">
      <li>
        <input .value="6">
        "f"
        " at "
        "0"
        <!---->
      </li>
      <li>
        <input .value="5">
        "e"
        " at "
        "1"
        <!---->
      </li>
      <li>
        <input .value="4">
        "d"
        " at "
        "2"
        <!---->
      </li>
      <li>
        <input .value="2">
        "b"
        " at "
        "3"
        <!---->
      </li>
      <li>
        <input .value="1">
        "a"
        " at "
        "4"
        <!---->
      </li>
    </ul>
    <ul id="drawn">
      <li>
        <input .value="6">
        "f"
      </li>
      <li>
        <input .value="">
        "e"
      </li>
      <li>
        <input .value="">
        "d"
      </li>
      <li>
        <input .value="2">
        "b"
      </li>
      <li>
        <input .value="">
        "a"
      </li>
    </ul>
    <ol id="framed">
      <li>"first"</li>
      <li>
        <input .value="">
        "f"
      </li>
      <li>
        <input .value="5">
        "e"
      </li>
      <li>
        <input .value="">
        "d"
      </li>
      <li>
        <input .value="2">
        "b"
      </li>
      <li>
        <input .value="">
        "a"
      </li>
      <li>"last"</li>
    </ol>
  </main>
</body>
-- click #insert
<body>
  <main>
    <button id="remove">"remove"</button>
    <button id="inner">"inner"</button>
    <button id="ends">"ends"</button>
    <button id="insert">"insert"</button>
    <button id="replace">"replace"</button>
    <button id="edit">"edit"</button>
    <button id="copylast">"copy last"</button>
    <button id="copyfirst">"copy first"</button>
    <button id="dedupe">"dedupe"</button>
    <button id="flip">"flip"</button>
    <button id="twins">"twins"</button>
    <ul id="at">
      <li>
        <input .value="6">
        "f"
        " at "
        "0"
        <!---->
      </li>
      <li>
        <input .value="5">
        "e"
        " at "
        "1"
        <!---->
      </li>
      <li>
        <input .value="">
        "g"
        " at "
        "2"
        <!---->
      </li>
      <li>
        <input .value="4">
        "d"
        " at "
        "3"
        <!---->
      </li>
      <li>
        <input .value="2">
        "b"
        " at "
        "4"
        <!---->
      </li>
      <li>
        <input .value="1">
        "a"
        " at "
        "5"
        <!---->
      </li>
    </ul>
    <ul id="drawn">
      <li>
        <input .value="6">
        "f"
      </li>
      <li>
        <input .value="">
        "e"
      </li>
      <li>
        <input .value="">
        "g"
      </li>
      <li>
        <input .value="">
        "d"
      </li>
      <li>
        <input .value="2">
        "b"
      </li>
      <li>
        <input .value="">
        "a"
      </li>
    </ul>
    <ol id="framed">
      <li>"first"</li>
      <li>
        <input .value="">
        "f"
      </li>
      <li>
        <input .value="5">
        "e"
      </li>
      <li>
        <input .value="">
        "g"
      </li>
      <li>
        <input .value="">
        "d"
      </li>
      <li>
        <input .value="2">
        "b"
      </li>
      <li>
        <input .value="">
        "a"
      </li>
      <li>"last"</li>
    </ol>
  </main>
</body>
-- click #replace
<body>
  <main>
    <button id="remove">"remove"</button>
    <button id="inner">"inner"</button>
    <button id="ends">"ends"</button>
    <button id="insert">"insert"</button>
    <button id="replace">"replace"</button>
    <button id="edit">"edit"</button>
    <button id="copylast">"copy last"</button>
    <button id="copyfirst">"copy first"</button>
    <button id="dedupe">"dedupe"</button>
    <button id="flip">"flip"</button>
    <button id="twins">"twins"</button>
    <ul id="at">
      <li>
        <input .value="6">
        "f"
        " at "
        "0"
        <!---->
      </li>
      <li>
        <input .value="5">
        "e"
        " at "
        "1"
        <!---->
      </li>
      <li>
        <input .value="">
        "h"
        " at "
        "2"
        <!---->
      </li>
      <li>
        <input .value="4">
        "d"
        " at "
        "3"
        <!---->
      </li>
      <li>
        <input .value="2">
        "b"
        " at "
        "4"
        <!---->
      </li>
      <li>
        <input .value="1">
        "a"
        " at "
        "5"
        <!---->
      </li>
    </ul>
    <ul id="drawn">
      <li>
        <input .value="6">
        "f"
      </li>
      <li>
        <input .value="">
        "e"
      </li>
      <li>
        <input .value="">
        "h"
      </li>
      <li>
        <input .value="">
        "d"
      </li>
      <li>
        <input .value="2">
        "b"
      </li>
      <li>
        <input .value="">
        "a"
      </li>
    </ul>
    <ol id="framed">
      <li>"first"</li>
      <li>
        <input .value="">
        "f"
      </li>
      <li>
        <input .value="5">
        "e"
      </li>
      <li>
        <input .value="">
        "h"
      </li>
      <li>
        <input .value="">
        "d"
      </li>
      <li>
        <input .value="2">
        "b"
      </li>
      <li>
        <input .value="">
        "a"
      </li>
      <li>"last"</li>
    </ol>
  </main>
</body>
-- click #edit
<body>
  <main>
    <button id="remove">"remove"</button>
    <button id="inner">"inner"</button>
    <button id="ends">"ends"</button>
    <button id="insert">"insert"</button>
    <button id="replace">"replace"</button>
    <button id="edit">"edit"</button>
    <button id="copylast">"copy last"</button>
    <button id="copyfirst">"copy first"</button>
    <button id="dedupe">"dedupe"</button>
    <button id="flip">"flip"</button>
    <button id="twins">"twins"</button>
    <ul id="at">
      <li>
        <input .value="5">
        "e"
        " at "
        "0"
        <!---->
      </li>
      <li>
        <input .value="">
        "h"
        " at "
        "1"
        <!---->
      </li>
      <li>
        <input .value="4">
        "d"
        " at "
        "2"
        <!---->
      </li>
      <li>
        <input .value="2">
        "b"
        " at "
        "3"
        <!---->
      </li>
      <li>
        <input .value="1">
        "a!"
        " at "
        "4"
        <!---->
      </li>
    </ul>
    <ul id="drawn">
      <li>
        <input .value="">
        "e"
      </li>
      <li>
        <input .value="">
        "h"
      </li>
      <li>
        <input .value="">
        "d"
      </li>
      <li>
        <input .value="2">
        "b"
      </li>
      <li class="done">"a!"</li>
    </ul>
    <ol id="framed">
      <li>"first"</li>
      <li>
        <input .value="5">
        "e"
      </li>
      <li>
        <input .value="">
        "h"
      </li>
      <li>
        <input .value="">
        "d"
      </li>
      <li>
        <input .value="2">
        "b"
      </li>
      <li>
        <input .value="">
        "a!"
      </li>
      <li>"last"</li>
    </ol>
  </main>
</body>
-- click #copylast
<body>
  <main>
    <button id="remove">"remove"</button>
    <button id="inner">"inner"</button>
    <button id="ends">"ends"</button>
    <button id="insert">"insert"</button>
    <button id="replace">"replace"</button>
    <button id="edit">"edit"</button>
    <button id="copylast">"copy last"</button>
    <button id="copyfirst">"copy first"</button>
    <button id="dedupe">"dedupe"</button>
    <button id="flip">"flip"</button>
    <button id="twins">"twins"</button>
    <ul id="at">
      <li>
        <input .value="5">
        "e"
        " at "
        "0"
        <!---->
      </li>
      <li>
        <input .value="1">
        "a!"
        " at "
        "1"
        <!---->
      </li>
      <li>
        <input .value="">
        "h"
        " at "
        "2"
        <!---->
      </li>
      <li>
        <input .value="4">
        "d"
        " at "
        "3"
        <!---->
      </li>
      <li>
        <input .value="2">
        "b"
        " at "
        "4"
        <!---->
      </li>
      <li>
        <input .value="">
        "a!"
        " at "
        "5"
        <!---->
      </li>
    </ul>
    <ul id="drawn">
      <li>
        <input .value="">
        "e"
      </li>
      <li class="done">"a!"</li>
      <li>
        <input .value="">
        "h"
      </li>
      <li>
        <input .value="">
        "d"
      </li>
      <li>
        <input .value="2">
        "b"
      </li>
      <li class="done">"a!"</li>
    </ul>
    <ol id="framed">
      <li>"first"</li>
      <li>
        <input .value="5">
        "e"
      </li>
      <li>
        <input .value="">
        "a!"
      </li>
      <li>
        <input .value="">
        "h"
      </li>
      <li>
        <input .value="">
        "d"
      </li>
      <li>
        <input .value="2">
        "b"
      </li>
      <li>
        <input .value="">
        "a!"
      </li>
      <li>"last"</li>
    </ol>
  </main>
</body>
-- click #dedupe
<body>
  <main>
    <button id="remove">"remove"</button>
    <button id="inner">"inner"</button>
    <button id="ends">"ends"</button>
    <button id="insert">"insert"</button>
    <button id="replace">"replace"</button>
    <button id="edit">"edit"</button>
    <button id="copylast">"copy last"</button>
    <button id="copyfirst">"copy first"</button>
    <button id="dedupe">"dedupe"</button>
    <button id="flip">"flip"</button>
    <button id="twins">"twins"</button>
    <ul id="at">
      <li>
        <input .value="5">
        "e"
        " at "
        "0"
        <!---->
      </li>
      <li>
        <input .value="">
        "h"
        " at "
        "1"
        <!---->
      </li>
      <li>
        <input .value="4">
        "d"
        " at "
        "2"
        <!---->
      </li>
      <li>
        <input .value="2">
        "b"
        " at "
        "3"
        <!---->
      </li>
      <li>
        <input .value="1">
        "a!"
        " at "
        "4"
        <!---->
      </li>
    </ul>
    <ul id="drawn">
      <li>
        <input .value="">
        "e"
      </li>
      <li>
        <input .value="">
        "h"
      </li>
      <li>
        <input .value="">
        "d"
      </li>
      <li>
        <input .value="2">
        "b"
      </li>
      <li class="done">"a!"</li>
    </ul>
    <ol id="framed">
      <li>"first"</li>
      <li>
        <input .value="5">
        "e"
      </li>
      <li>
        <input .value="">
        "h"
      </li>
      <li>
        <input .value="">
        "d"
      </li>
      <li>
        <input .value="2">
        "b"
      </li>
      <li>
        <input .value="">
        "a!"
      </li>
      <li>"last"</li>
    </ol>
  </main>
</body>
-- click #copyfirst
<body>
  <main>
    <button id="remove">"remove"</button>
    <button id="inner">"inner"</button>
    <button id="ends">"ends"</button>
    <button id="insert">"insert"</button>
    <button id="replace">"replace"</button>
    <button id="edit">"edit"</button>
    <button id="copylast">"copy last"</button>
    <button id="copyfirst">"copy first"</button>
    <button id="dedupe">"dedupe"</button>
    <button id="flip">"flip"</button>
    <button id="twins">"twins"</button>
    <ul id="at">
      <li>
        <input .value="5">
        "e"
        " at "
        "0"
        <!---->
      </li>
      <li>
        <input .value="">
        "h"
        " at "
        "1"
        <!---->
      </li>
      <li>
        <input .value="">
        "e"
        " at "
        "2"
        <!---->
      </li>
      <li>
        <input .value="4">
        "d"
        " at "
        "3"
        <!---->
      </li>
      <li>
        <input .value="2">
        "b"
        " at "
        "4"
        <!---->
      </li>
      <li>
        <input .value="1">
        "a!"
        " at "
        "5"
        <!---->
      </li>
    </ul>
    <ul id="drawn">
      <li>
        <input .value="">
        "e"
      </li>
      <li>
        <input .value="">
        "h"
      </li>
      <li>
        <input .value="">
        "e"
      </li>
      <li>
        <input .value="">
        "d"
      </li>
      <li>
        <input .value="2">
        "b"
      </li>
      <li class="done">"a!"</li>
    </ul>
    <ol id="framed">
      <li>"first"</li>
      <li>
        <input .value="5">
        "e"
      </li>
      <li>
        <input .value="">
        "h"
      </li>
      <li>
        <input .value="">
        "e"
      </li>
      <li>
        <input .value="">
        "d"
      </li>
      <li>
        <input .value="2">
        "b"
      </li>
      <li>
        <input .value="">
        "a!"
      </li>
      <li>"last"</li>
    </ol>
  </main>
</body>
-- click #dedupe
<body>
  <main>
    <button id="remove">"remove"</button>
    <button id="inner">"inner"</button>
    <button id="ends">"ends"</button>
    <button id="insert">"insert"</button>
    <button id="replace">"replace"</button>
    <button id="edit">"edit"</button>
    <button id="copylast">"copy last"</button>
    <button id="copyfirst">"copy first"</button>
    <button id="dedupe">"dedupe"</button>
    <button id="flip">"flip"</button>
    <button id="twins">"twins"</button>
    <ul id="at">
      <li>
        <input .value="">
        "h"
        " at "
        "0"
        <!---->
      </li>
      <li>
        <input .value="5">
        "e"
        " at "
        "1"
        <!---->
      </li>
      <li>
        <input .value="4">
        "d"
        " at "
        "2"
        <!---->
      </li>
      <li>
        <input .value="2">
        "b"
        " at "
        "3"
        <!---->
      </li>
      <li>
        <input .value="1">
        "a!"
        " at "
        "4"
        <!---->
      </li>
    </ul>
    <ul id="drawn">
      <li>
        <input .value="">
        "h"
      </li>
      <li>
        <input .value="">
        "e"
      </li>
      <li>
        <input .value="">
        "d"
      </li>
      <li>
        <input .value="2">
        "b"
      </li>
      <li class="done">"a!"</li>
    </ul>
    <ol id="framed">
      <li>"first"</li>
      <li>
        <input .value="">
        "h"
      </li>
      <li>
        <input .value="5">
        "e"
      </li>
      <li>
        <input .value="">
        "d"
      </li>
      <li>
        <input .value="2">
        "b"
      </li>
      <li>
        <input .value="">
        "a!"
      </li>
      <li>"last"</li>
    </ol>
  </main>
</body>
-- click #flip
<body>
  <main>
    <button id="remove">"remove"</button>
    <button id="inner">"inner"</button>
    <button id="ends">"ends"</button>
    <button id="insert">"insert"</button>
    <button id="replace">"replace"</button>
    <button id="edit">"edit"</button>
    <button id="copylast">"copy last"</button>
    <button id="copyfirst">"copy first"</button>
    <button id="dedupe">"dedupe"</button>
    <button id="flip">"flip"</button>
    <button id="twins">"twins"</button>
    <ul id="at">
      <li>
        <input .value="1">
        "a!"
        " at "
        "0"
        <!---->
      </li>
      <li>
        <input .value="5">
        "e"
        " at "
        "1"
        <!---->
      </li>
      <li>
        <input .value="4">
        "d"
        " at "
        "2"
        <!---->
      </li>
      <li>
        <input .value="2">
        "b"
        " at "
        "3"
        <!---->
      </li>
      <li>
        <input .value="">
        "h"
        " at "
        "4"
        <!---->
      </li>
    </ul>
    <ul id="drawn">
      <li class="done">"a!"</li>
      <li>
        <input .value="">
        "e"
      </li>
      <li>
        <input .value="">
        "d"
      </li>
      <li>
        <input .value="2">
        "b"
      </li>
      <li class="done">"h"</li>
    </ul>
    <ol id="framed">
      <li>"first"</li>
      <li>
        <input .value="">
        "a!"
      </li>
      <li>
        <input .value="5">
        "e"
      </li>
      <li>
        <input .value="">
        "d"
      </li>
      <li>
        <input .value="2">
        "b"
      </li>
      <li>
        <input .value="">
        "h"
      </li>
      <li>"last"</li>
    </ol>
  </main>
</body>
-- click #twins
<body>
  <main>
    <button id="remove">"remove"</button>
    <button id="inner">"inner"</button>
    <button id="ends">"ends"</button>
    <button id="insert">"insert"</button>
    <button id="replace">"replace"</button>
    <button id="edit">"edit"</button>
    <button id="copylast">"copy last"</button>
    <button id="copyfirst">"copy first"</button>
    <button id="dedupe">"dedupe"</button>
    <button id="flip">"flip"</button>
    <button id="twins">"twins"</button>
    <ul id="at">
      <li>
        <input .value="1">
        "a!"
        " at "
        "0"
        <!---->
      </li>
      <li>
        <input .value="">
        "i"
        " at "
        "1"
        <!---->
      </li>
      <li>
        <input .value="5">
        "e"
        " at "
        "2"
        <!---->
      </li>
      <li>
        <input .value="">
        "j"
        " at "
        "3"
        <!---->
      </li>
      <li>
        <input .value="4">
        "d"
        " at "
        "4"
        <!---->
      </li>
      <li>
        <input .value="2">
        "b"
        " at "
        "5"
        <!---->
      </li>
      <li>
        <input .value="">
        "h"
        " at "
        "6"
        <!---->
      </li>
    </ul>
    <ul id="drawn">
      <li class="done">"a!"</li>
      <li>
        <input .value="">
        "i"
      </li>
      <li>
        <input .value="">
        "e"
      </li>
      <li>
        <input .value="">
        "j"
      </li>
      <li>
        <input .value="">
        "d"
      </li>
      <li>
        <input .value="2">
        "b"
      </li>
      <li class="done">"h"</li>
    </ul>
    <ol id="framed">
      <li>"first"</li>
      <li>
        <input .value="">
        "a!"
      </li>
      <li>
        <input .value="">
        "i"
      </li>
      <li>
        <input .value="5">
        "e"
      </li>
      <li>
        <input .value="">
        "j"
      </li>
      <li>
        <input .value="">
        "d"
      </li>
      <li>
        <input .value="2">
        "b"
      </li>
      <li>
        <input .value="">
        "h"
      </li>
      <li>"last"</li>
    </ol>
  </main>
</body>
-- input #at>li:nth-child(2)>input "9"
<body>
  <main>
    <button id="remove">"remove"</button>
    <button id="inner">"inner"</button>
    <button id="ends">"ends"</button>
    <button id="insert">"insert"</button>
    <button id="replace">"replace"</button>
    <button id="edit">"edit"</button>
    <button id="copylast">"copy last"</button>
    <button id="copyfirst">"copy first"</button>
    <button id="dedupe">"dedupe"</button>
    <button id="flip">"flip"</button>
    <button id="twins">"twins"</button>
    <ul id="at">
      <li>
        <input .value="1">
        "a!"
        " at "
        "0"
        <!---->
      </li>
      <li>
        <input .value="9">
        "i"
        " at "
        "1"
        <!---->
      </li>
      <li>
        <input .value="5">
        "e"
        " at "
        "2"
        <!---->
      </li>
      <li>
        <input .value="">
        "j"
        " at "
        "3"
        <!---->
      </li>
      <li>
        <input .value="4">
        "d"
        " at "
        "4"
        <!---->
      </li>
      <li>
        <input .value="2">
        "b"
        " at "
        "5"
        <!---->
      </li>
      <li>
        <input .value="">
        "h"
        " at "
        "6"
        <!---->
      </li>
    </ul>
    <ul id="drawn">
      <li class="done">"a!"</li>
      <li>
        <input .value="">
        "i"
      </li>
      <li>
        <input .value="">
        "e"
      </li>
      <li>
        <input .value="">
        "j"
      </li>
      <li>
        <input .value="">
        "d"
      </li>
      <li>
        <input .value="2">
        "b"
      </li>
      <li class="done">"h"</li>
    </ul>
    <ol id="framed">
      <li>"first"</li>
      <li>
        <input .value="">
        "a!"
      </li>
      <li>
        <input .value="">
        "i"
      </li>
      <li>
        <input .value="5">
        "e"
      </li>
      <li>
        <input .value="">
        "j"
      </li>
      <li>
        <input .value="">
        "d"
      </li>
      <li>
        <input .value="2">
        "b"
      </li>
      <li>
        <input .value="">
        "h"
      </li>
      <li>"last"</li>
    </ol>
  </main>
</body>
-- click #dedupe
<body>
  <main>
    <button id="remove">"remove"</button>
    <button id="inner">"inner"</button>
    <button id="ends">"ends"</button>
    <button id="insert">"insert"</button>
    <button id="replace">"replace"</button>
    <button id="edit">"edit"</button>
    <button id="copylast">"copy last"</button>
    <button id="copyfirst">"copy first"</button>
    <button id="dedupe">"dedupe"</button>
    <button id="flip">"flip"</button>
    <button id="twins">"twins"</button>
    <ul id="at">
      <li>
        <input .value="1">
        "a!"
        " at "
        "0"
        <!---->
      </li>
      <li>
        <input .value="5">
        "e"
        " at "
        "1"
        <!---->
      </li>
      <li>
        <input .value="9">
        "j"
        " at "
        "2"
        <!---->
      </li>
      <li>
        <input .value="4">
        "d"
        " at "
        "3"
        <!---->
      </li>
      <li>
        <input .value="2">
        "b"
        " at "
        "4"
        <!---->
      </li>
      <li>
        <input .value="">
        "h"
        " at "
        "5"
        <!---->
      </li>
    </ul>
    <ul id="drawn">
      <li class="done">"a!"</li>
      <li>
        <input .value="">
        "e"
      </li>
      <li>
        <input .value="">
        "j"
      </li>
      <li>
        <input .value="">
        "d"
      </li>
      <li>
        <input .value="2">
        "b"
      </li>
      <li class="done">"h"</li>
    </ul>
    <ol id="framed">
      <li>"first"</li>
      <li>
        <input .value="">
        "a!"
      </li>
      <li>
        <input .value="5">
        "e"
      </li>
      <li>
        <input .value="">
        "j"
      </li>
      <li>
        <input .value="">
        "d"
      </li>
      <li>
        <input .value="2">
        "b"
      </li>
      <li>
        <input .value="">
        "h"
      </li>
      <li>"last"</li>
    </ol>
  </main>
</body>
