-- load
<body>
  <main>
    <a id="plain" href="">"plain"</a>
    <a id="cased" href="">"cased"</a>
    <a id="spaced" href="">"spaced"</a>
    <a id="html" href="">"html"</a>
    <a id="html64" href="">"html64"</a>
    <a id="image" href="data:image/png,x">"image"</a>
    <a id="path" href="javascript.html">"path"</a>
    <a id="fragment" href="#/active">"fragment"</a>
    <a id="nbsp" href="">"nbsp"</a>
    <a id="cafe" href="/café">"cafe"</a>
    <form id="form" action=""></form>
  </main>
</body>
