Err decoding Encoded InvalidSchema / two fields read and write the key "x"
Err decoding Encoded InvalidSchema / two fields read and write the key "a"
Ok built
Err encoding Type InvalidSchema / two fields are named a
Err encoding Type InvalidSchema / the field a already has the key "x"
Err encoding Type InvalidSchema / Schema.key renames the field added before it, and there is none
Err decoding Encoded InvalidSchema / two variants have the tag "x"
Err decoding Encoded InvalidSchema / two variants are named A
Err decoding Encoded InvalidSchema / the variant A has a field on the discriminator "a"
Err decoding Encoded InvalidSchema / the payload of the variant A is not a record schema
Err decoding Encoded InvalidSchema / a tagged schema needs a variant
Err decoding Type InvalidSchema / the recursive schema Early is used before its body is built
describe: two fields read and write the key "x"
Err decoding Encoded InvalidSchema / two fields read and write the key "x"
-- no external form
Err decoding Encoded InvalidSchema / the Encoded endpoint holds a conversion's target, which has no external form to read or write
Err encoding Encoded InvalidSchema / the Encoded endpoint holds a conversion's target, which has no external form to read or write
Err decoding Encoded InvalidSchema / the Encoded endpoint holds a conversion's target, which has no external form to read or write
Ok built
Ok built
-- a reference entered again without reading anything
Err decoding Encoded InvalidSchema / the recursive schema Loop refers to itself without reading into the value
Ok built
Err decoding Encoded InvalidSchema /0 the recursive schema Loop refers to itself without reading into the value
-- which failure is reported first
Err decoding Encoded InvalidSchema / two fields are named b
Err decoding Encoded InvalidSchema / the payload of the variant A is not a record schema
Err decoding Encoded InvalidSchema / two variants have the tag "x"
