<div><p title="Fish &amp; &quot;chips&quot; &lt;b>" class="size-12" id="&lt;&quot;me&quot; &amp; you>">x</p><input type="checkbox" tabindex="3" maxlength="12" disabled checked><a href="">a</a><a href="">b</a><a href="/next?a=1&amp;b=2">c</a><a href="" hx-get="/items" data-x="&lt;&quot;me&quot; &amp; you>">d</a><button type="button">e</button></div>
<div><p title="Fish &amp; &quot;chips&quot; &lt;b>" class="size-0" id="plain">x</p><input type="checkbox" tabindex="3" maxlength="0" disabled readonly><a href="">a</a><a href="">b</a><a href="/next?a=1&amp;b=2">c</a><a href="" hx-get="/items" data-x="plain">d</a><button type="button">e</button></div>
