<div><ul><li id="row-1">A&lt;</li><li id="row-2">B</li><li id="row-2">B</li></ul><ol><li>0 x</li><li>1 y</li></ol><ol><i>a&lt;</i><b>b</b><b>b</b></ol><ul><li>a&lt;</li><li>b</li><li>b</li></ul><ul><li>#1</li><li>#2</li><li>#2</li></ul><ul><li>0:x</li><li>1:y</li></ul></div>
<div><ul><li>none</li></ul><ol></ol><ol></ol><ul></ul><ul></ul><ul></ul></div>
