test 1: false
test 2: false
test 3: false
test 4: false
test 5: false
test 6: false
test 7: true
leaf7: 7
test 1: false
test 2: false
test 3: false
test 4: false
test 5: false
test 6: false
test 7: false
test 8: false
test 9: false
test 10: false
test 11: false
test 12: true
leaf12: 12
test 1: false
test 2: false
test 3: false
test 4: false
test 5: false
test 6: false
test 7: false
test 8: false
test 9: false
test 10: false
test 11: false
test 12: false
test 13: false
test 14: false
test 15: false
test 16: false
test 17: false
test 18: false
test 19: false
test 20: false
test 21: false
test 22: false
test 23: false
test 24: false
test 25: false
test 26: false
test 27: false
test 28: false
test 29: false
test 30: false
test 31: false
test 32: false
test 33: false
test 34: false
test 35: false
test 36: false
test 37: false
test 38: false
test 39: false
test 40: true
test 1: false
test 2: false
test 3: false
test 4: false
test 5: false
test 6: false
test 7: false
test 8: false
test 9: false
test 10: false
test 11: false
test 12: false
test 13: false
test 14: false
test 15: false
test 16: false
test 17: false
test 18: false
test 19: false
test 20: false
test 21: false
test 22: false
test 23: false
test 24: false
test 25: false
test 26: false
test 27: false
test 28: false
test 29: false
test 30: false
test 31: false
test 32: false
test 33: false
test 34: false
test 35: false
test 36: false
test 37: false
test 38: false
test 39: false
test 40: false
test 1: false
test 2: false
test 3: false
test 4: false
test 5: false
test 6: false
test 7: true
leaf7: 7
test 1: false
test 2: false
test 3: false
test 4: false
test 5: false
test 6: false
test 7: false
test 8: false
test 9: false
test 10: false
between: 0
test 11: false
test 12: true
leaf12: 12
test 1: false
test 2: false
test 3: false
test 4: false
test 5: false
test 6: false
test 7: false
test 8: false
test 9: false
test 10: false
between: 0
test 11: false
test 12: false
test 13: false
test 14: false
test 15: false
test 16: false
test 17: false
test 18: false
test 19: false
test 20: true
test 1: false
test 2: false
test 3: false
test 4: false
test 5: false
test 6: false
test 7: false
test 8: false
test 9: false
test 10: false
between: 0
test 11: false
test 12: false
test 13: false
test 14: false
test 15: false
test 16: false
test 17: false
test 18: false
test 19: false
test 20: false
test 1: false
test 2: false
test 3: false
test 4: false
test 5: false
test 6: false
test 7: false
test 8: false
test 9: false
test 10: false
test 11: false
test 12: false
test 13: false
test 14: false
test 15: true
above 0: true
above 1: true
above 2: true
above 3: true
above 4: true
above 5: false
above 0: true
above 1: true
above 2: true
above 3: true
above 4: true
above 5: true
above 6: true
above 7: true
above 8: true
above 9: true
above 10: true
above 11: true
above 12: true
above 13: true
above 14: true
above 15: true
above 16: true
above 17: true
above 18: true
above 19: true
above 0: true
above 1: true
above 2: true
above 3: true
above 4: true
above 5: false
above 0: true
above 1: true
above 2: true
above 3: true
above 4: true
above 5: true
above 6: true
above 7: true
above 8: true
above 9: true
above 10: true
above 11: true
above 12: true
above 13: true
above 14: true
above 15: true
above 16: true
above 17: true
above 18: true
above 19: true
seven 7
twelve
arm40
none
seven 7!
twelve!
arm20!
none 0!
arm15?
5
deep
5.
deep.
