test 1: False
test 2: False
test 3: False
test 4: False
test 5: False
test 6: False
test 7: True
leaf7: 7
test 1: False
test 2: False
test 3: False
test 4: False
test 5: False
test 6: False
test 7: False
test 8: False
test 9: False
test 10: False
test 11: False
test 12: True
leaf12: 12
test 1: False
test 2: False
test 3: False
test 4: False
test 5: False
test 6: False
test 7: False
test 8: False
test 9: False
test 10: False
test 11: False
test 12: False
test 13: False
test 14: False
test 15: False
test 16: False
test 17: False
test 18: False
test 19: False
test 20: False
test 21: False
test 22: False
test 23: False
test 24: False
test 25: False
test 26: False
test 27: False
test 28: False
test 29: False
test 30: False
test 31: False
test 32: False
test 33: False
test 34: False
test 35: False
test 36: False
test 37: False
test 38: False
test 39: False
test 40: True
test 1: False
test 2: False
test 3: False
test 4: False
test 5: False
test 6: False
test 7: False
test 8: False
test 9: False
test 10: False
test 11: False
test 12: False
test 13: False
test 14: False
test 15: False
test 16: False
test 17: False
test 18: False
test 19: False
test 20: False
test 21: False
test 22: False
test 23: False
test 24: False
test 25: False
test 26: False
test 27: False
test 28: False
test 29: False
test 30: False
test 31: False
test 32: False
test 33: False
test 34: False
test 35: False
test 36: False
test 37: False
test 38: False
test 39: False
test 40: False
test 1: False
test 2: False
test 3: False
test 4: False
test 5: False
test 6: False
test 7: True
leaf7: 7
test 1: False
test 2: False
test 3: False
test 4: False
test 5: False
test 6: False
test 7: False
test 8: False
test 9: False
test 10: False
between: 0
test 11: False
test 12: True
leaf12: 12
test 1: False
test 2: False
test 3: False
test 4: False
test 5: False
test 6: False
test 7: False
test 8: False
test 9: False
test 10: False
between: 0
test 11: False
test 12: False
test 13: False
test 14: False
test 15: False
test 16: False
test 17: False
test 18: False
test 19: False
test 20: True
test 1: False
test 2: False
test 3: False
test 4: False
test 5: False
test 6: False
test 7: False
test 8: False
test 9: False
test 10: False
between: 0
test 11: False
test 12: False
test 13: False
test 14: False
test 15: False
test 16: False
test 17: False
test 18: False
test 19: False
test 20: False
test 1: False
test 2: False
test 3: False
test 4: False
test 5: False
test 6: False
test 7: False
test 8: False
test 9: False
test 10: False
test 11: False
test 12: False
test 13: False
test 14: False
test 15: True
above 0: True
above 1: True
above 2: True
above 3: True
above 4: True
above 5: False
above 0: True
above 1: True
above 2: True
above 3: True
above 4: True
above 5: True
above 6: True
above 7: True
above 8: True
above 9: True
above 10: True
above 11: True
above 12: True
above 13: True
above 14: True
above 15: True
above 16: True
above 17: True
above 18: True
above 19: True
above 0: True
above 1: True
above 2: True
above 3: True
above 4: True
above 5: False
above 0: True
above 1: True
above 2: True
above 3: True
above 4: True
above 5: True
above 6: True
above 7: True
above 8: True
above 9: True
above 10: True
above 11: True
above 12: True
above 13: True
above 14: True
above 15: True
above 16: True
above 17: True
above 18: True
above 19: True
seven 7
twelve
arm40
none
seven 7!
twelve!
arm20!
none 0!
arm15?
5
deep
5.
deep.
