-- load
<body>
  <main>
    <p id="count">"0"</p>
    <button id="go">"go"</button>
    <button id="inc">"inc"</button>
  </main>
</body>
-- throws click #go
(threw: Error: TODO: body threw)
<body>
  <main>
    <p id="count">"10"</p>
    <button id="go">"go"</button>
    <button id="inc">"inc"</button>
  </main>
  <div style="position:fixed;inset:0;z-index:2147483647;overflow:auto;margin:0;padding:24px;background:#fff;color:#a00;font:14px/1.5 monospace;white-space:pre-wrap">"This program has stopped.\n\nSomething it ran threw an exception, so its state can no longer be trusted and nothing more of it runs. The exception is below, and in the console with its stack.\n\nError: TODO: body threw"</div>
</body>
-- timers
(timers: 1)
(the DOM did not change)
-- click #inc
(the DOM did not change)
-- advance 50
(the DOM did not change)
