-- load
console.log: view: 0
<body>
  <section>
    <button id="go">"go"</button>
    <p>"0"</p>
  </section>
</body>
-- press #go
console.log: view: 1
console.log: view: 11
(a later listener ran)
<body>
  <section>
    <button id="go">"go"</button>
    <p>"11"</p>
  </section>
</body>
-- click #go 1
console.log: view: 12
console.log: view: 22
(the step's task ended)
<body>
  <section>
    <button id="go">"go"</button>
    <p>"22"</p>
  </section>
</body>
-- click #go 3
console.log: view: 23
console.log: view: 33
console.log: view: 34
console.log: view: 44
console.log: view: 45
console.log: view: 55
(the step's task ended)
<body>
  <section>
    <button id="go">"go"</button>
    <p>"55"</p>
  </section>
</body>
