-- Formatter: `--|x` and `--!x` without a space after the marker; expected: a
-- space is inserted in doc blocks (§2.3, §9); ordinary comments untouched.
--! Module doc without space.

--| Doc for x without space.
x =
    1


--|   a doc line that already has spaces is left alone
y =
    2


--comment without a space is an ordinary comment and stays as written
z =
    3
