-- §9: a trailing `<|` followed by a lambda does not indent — the lambda's
-- body continues at the indentation of the line the `<|` is on, so a chain
-- of them stays flat instead of stepping right once per bind. A `<|`
-- followed by any other block form still indents.
chain url = Task.attempt (Http.get url) λresponse ->
    Task.attempt (Json.decode response) λvalue -> renderTheDecodedValue value withSomeExtraContext


authorBroke f = f λx -> x + 1


otherBlocks a b c =
    text <|
        if a then
            b
        else
            c
